[INFO] Scanning for projects...
[INFO] 
[INFO] ---------------------------< com:fluxoCaixa >---------------------------
[INFO] Building fluxoCaixa 0.0.1-SNAPSHOT
[INFO]   from pom.xml
[INFO] --------------------------------[ jar ]---------------------------------
[INFO] 
[INFO] --- clean:3.4.1:clean (default-clean) @ fluxoCaixa ---
[INFO] Deleting C:\Ambiente\fluxocaixa\target
[INFO] 
[INFO] --- resources:3.3.1:resources (default-resources) @ fluxoCaixa ---
[INFO] Copying 2 resources from src\main\resources to target\classes
[INFO] Copying 1 resource from src\main\resources to target\classes
[INFO] 
[INFO] --- compiler:3.13.0:compile (default-compile) @ fluxoCaixa ---
[INFO] Recompiling the module because of changed source code.
[INFO] Compiling 22 source files with javac [debug parameters release 21] to target\classes
[INFO] -------------------------------------------------------------
[ERROR] COMPILATION ERROR : 
[INFO] -------------------------------------------------------------
[ERROR] /C:/Ambiente/fluxocaixa/src/main/java/com/fluxocaixa/exception/GlobalExceptionHandler.java:[13,26] cannot find symbol
  symbol:   class ErrorResponse
  location: package com.fluxocaixa.dto
[ERROR] /C:/Ambiente/fluxocaixa/src/main/java/com/fluxocaixa/exception/GlobalExceptionHandler.java:[21,27] cannot find symbol
  symbol:   class ErrorResponse
  location: class com.fluxocaixa.exception.GlobalExceptionHandler
[ERROR] /C:/Ambiente/fluxocaixa/src/main/java/com/fluxocaixa/exception/GlobalExceptionHandler.java:[31,27] cannot find symbol
  symbol:   class ErrorResponse
  location: class com.fluxocaixa.exception.GlobalExceptionHandler
[ERROR] /C:/Ambiente/fluxocaixa/src/main/java/com/fluxocaixa/exception/GlobalExceptionHandler.java:[37,27] cannot find symbol
  symbol:   class ErrorResponse
  location: class com.fluxocaixa.exception.GlobalExceptionHandler
[ERROR] /C:/Ambiente/fluxocaixa/src/main/java/com/fluxocaixa/exception/GlobalExceptionHandler.java:[44,27] cannot find symbol
  symbol:   class ErrorResponse
  location: class com.fluxocaixa.exception.GlobalExceptionHandler
[ERROR] /C:/Ambiente/fluxocaixa/src/main/java/com/fluxocaixa/exception/GlobalExceptionHandler.java:[50,28] cannot find symbol
  symbol:   class ErrorResponse
  location: class com.fluxocaixa.exception.GlobalExceptionHandler
[INFO] 6 errors 
[INFO] -------------------------------------------------------------
[INFO] ------------------------------------------------------------------------
[INFO] BUILD FAILURE
[INFO] ------------------------------------------------------------------------
[INFO] Total time:  7.521 s
[INFO] Finished at: 2026-02-25T09:19:02-03:00
[INFO] ------------------------------------------------------------------------
[ERROR] Failed to execute goal org.apache.maven.plugins:maven-compiler-plugin:3.13.0:compile (default-compile) on project fluxoCaixa: Compilation failure: Compilation failure: 
[ERROR] /C:/Ambiente/fluxocaixa/src/main/java/com/fluxocaixa/exception/GlobalExceptionHandler.java:[13,26] cannot find symbol
[ERROR]   symbol:   class ErrorResponse
[ERROR]   location: package com.fluxocaixa.dto
[ERROR] /C:/Ambiente/fluxocaixa/src/main/java/com/fluxocaixa/exception/GlobalExceptionHandler.java:[21,27] cannot find symbol
[ERROR]   symbol:   class ErrorResponse
[ERROR]   location: class com.fluxocaixa.exception.GlobalExceptionHandler
[ERROR] /C:/Ambiente/fluxocaixa/src/main/java/com/fluxocaixa/exception/GlobalExceptionHandler.java:[31,27] cannot find symbol
[ERROR]   symbol:   class ErrorResponse
[ERROR]   location: class com.fluxocaixa.exception.GlobalExceptionHandler
[ERROR] /C:/Ambiente/fluxocaixa/src/main/java/com/fluxocaixa/exception/GlobalExceptionHandler.java:[37,27] cannot find symbol
[ERROR]   symbol:   class ErrorResponse
[ERROR]   location: class com.fluxocaixa.exception.GlobalExceptionHandler
[ERROR] /C:/Ambiente/fluxocaixa/src/main/java/com/fluxocaixa/exception/GlobalExceptionHandler.java:[44,27] cannot find symbol
[ERROR]   symbol:   class ErrorResponse
[ERROR]   location: class com.fluxocaixa.exception.GlobalExceptionHandler
[ERROR] /C:/Ambiente/fluxocaixa/src/main/java/com/fluxocaixa/exception/GlobalExceptionHandler.java:[50,28] cannot find symbol
[ERROR]   symbol:   class ErrorResponse
[ERROR]   location: class com.fluxocaixa.exception.GlobalExceptionHandler
[ERROR] -> [Help 1]
[ERROR] 
[ERROR] To see the full stack trace of the errors, re-run Maven with the -e switch.
[ERROR] Re-run Maven using the -X switch to enable full debug logging.
[ERROR] 
[ERROR] For more information about the errors and possible solutions, please read the following articles:
[ERROR] [Help 1] http://cwiki.apache.org/confluence/display/MAVEN/MojoFailureException
